2025-03-25 10:01:02 [main] INFO  b.HotelBookingApplicationTests - Starting HotelBookingApplicationTests using Java 21.0.5 with PID 15860 (started by gupta in C:\Users\gupta\OneDrive\Desktop\Backend\IBE-BE\KDU)
2025-03-25 10:01:02 [main] INFO  b.HotelBookingApplicationTests - The following 1 profile is active: "test"
2025-03-25 10:01:05 [main] INFO  o.s.d.r.c.RepositoryConfigurationDelegate - Bootstrapping Spring Data JPA repositories in DEFAULT mode.
2025-03-25 10:01:05 [main] INFO  o.s.d.r.c.RepositoryConfigurationDelegate - Finished Spring Data repository scanning in 106 ms. Found 4 JPA repository interfaces.
2025-03-25 10:01:06 [main] INFO  com.zaxxer.hikari.HikariDataSource - HikariPool-1 - Starting...
2025-03-25 10:01:07 [main] INFO  com.zaxxer.hikari.pool.HikariPool - HikariPool-1 - Added connection org.postgresql.jdbc.PgConnection@3ddd5d32
2025-03-25 10:01:07 [main] INFO  com.zaxxer.hikari.HikariDataSource - HikariPool-1 - Start completed.
2025-03-25 10:01:08 [main] INFO  o.s.o.j.p.SpringPersistenceUnitInfo - No LoadTimeWeaver setup: ignoring JPA class transformer
2025-03-25 10:01:08 [main] WARN  org.hibernate.orm.deprecation - HHH90000025: PostgreSQLDialect does not need to be specified explicitly using 'hibernate.dialect' (remove the property setting and it will be selected by default)
2025-03-25 10:01:10 [main] INFO  o.s.o.j.LocalContainerEntityManagerFactoryBean - Initialized JPA EntityManagerFactory for persistence unit 'default'
2025-03-25 10:01:10 [main] INFO  backend.config.CorsConfig - CORS Configuration Loaded!
2025-03-25 10:01:11 [main] DEBUG o.s.c.e.PropertySourcesPropertyResolver - Found key 'graphql.endpoint' in PropertySource 'environmentProperties' with value of type String
2025-03-25 10:01:11 [main] DEBUG o.s.c.e.PropertySourcesPropertyResolver - Found key 'graphql.apiKey' in PropertySource 'environmentProperties' with value of type String
2025-03-25 10:01:11 [main] DEBUG o.s.c.e.PropertySourcesPropertyResolver - Found key 'graphql.endpoint' in PropertySource 'environmentProperties' with value of type String
2025-03-25 10:01:11 [main] DEBUG o.s.c.e.PropertySourcesPropertyResolver - Found key 'graphql.apiKey' in PropertySource 'environmentProperties' with value of type String
2025-03-25 10:01:11 [main] WARN  o.s.b.a.o.j.JpaBaseConfiguration$JpaWebConfiguration - spring.jpa.open-in-view is enabled by default. Therefore, database queries may be performed during view rendering. Explicitly configure spring.jpa.open-in-view to disable this warning
2025-03-25 10:01:11 [main] INFO  backend.config.CorsConfig - Applying CORS settings...
2025-03-25 10:01:13 [main] INFO  o.s.b.a.e.web.EndpointLinksResolver - Exposing 2 endpoints beneath base path '/actuator'
2025-03-25 10:01:13 [main] INFO  b.HotelBookingApplicationTests - Started HotelBookingApplicationTests in 11.604 seconds (process running for 20.12)
2025-03-25 10:01:13 [main] INFO  o.s.t.c.s.AnnotationConfigContextLoaderUtils - Could not detect default configuration classes for test class [backend.integration.CustomPromotionIntegrationTest]: CustomPromotionIntegrationTest does not declare any static, non-private, non-final, nested classes annotated with @Configuration.
2025-03-25 10:01:13 [main] INFO  o.s.b.t.c.SpringBootTestContextBootstrapper - Found @SpringBootConfiguration backend.HotelBookingApplication for test class backend.integration.CustomPromotionIntegrationTest
2025-03-25 10:01:13 [main] DEBUG o.s.c.e.PropertySourcesPropertyResolver - Found key 'spring.application.name' in PropertySource 'configurationProperties' with value of type String
2025-03-25 10:01:13 [main] INFO  b.i.CustomPromotionIntegrationTest - Starting CustomPromotionIntegrationTest using Java 21.0.5 with PID 15860 (started by gupta in C:\Users\gupta\OneDrive\Desktop\Backend\IBE-BE\KDU)
2025-03-25 10:01:13 [main] INFO  b.i.CustomPromotionIntegrationTest - The following 1 profile is active: "test"
2025-03-25 10:01:14 [main] INFO  o.s.d.r.c.RepositoryConfigurationDelegate - Bootstrapping Spring Data JPA repositories in DEFAULT mode.
2025-03-25 10:01:14 [main] INFO  o.s.d.r.c.RepositoryConfigurationDelegate - Finished Spring Data repository scanning in 16 ms. Found 4 JPA repository interfaces.
2025-03-25 10:01:14 [main] INFO  o.s.b.w.e.tomcat.TomcatWebServer - Tomcat initialized with port 0 (http)
2025-03-25 10:01:14 [main] INFO  o.a.coyote.http11.Http11NioProtocol - Initializing ProtocolHandler ["http-nio-auto-1"]
2025-03-25 10:01:14 [main] INFO  o.a.catalina.core.StandardService - Starting service [Tomcat]
2025-03-25 10:01:14 [main] INFO  o.a.catalina.core.StandardEngine - Starting Servlet engine: [Apache Tomcat/10.1.36]
2025-03-25 10:01:14 [main] INFO  o.a.c.c.C.[Tomcat].[localhost].[/] - Initializing Spring embedded WebApplicationContext
2025-03-25 10:01:14 [main] INFO  o.s.b.w.s.c.ServletWebServerApplicationContext - Root WebApplicationContext: initialization completed in 1000 ms
2025-03-25 10:01:15 [main] INFO  com.zaxxer.hikari.HikariDataSource - HikariPool-2 - Starting...
2025-03-25 10:01:15 [main] INFO  com.zaxxer.hikari.pool.HikariPool - HikariPool-2 - Added connection org.postgresql.jdbc.PgConnection@64abcf51
2025-03-25 10:01:15 [main] INFO  com.zaxxer.hikari.HikariDataSource - HikariPool-2 - Start completed.
2025-03-25 10:01:15 [main] INFO  o.s.o.j.p.SpringPersistenceUnitInfo - No LoadTimeWeaver setup: ignoring JPA class transformer
2025-03-25 10:01:15 [main] WARN  org.hibernate.orm.deprecation - HHH90000025: PostgreSQLDialect does not need to be specified explicitly using 'hibernate.dialect' (remove the property setting and it will be selected by default)
2025-03-25 10:01:15 [main] INFO  o.s.o.j.LocalContainerEntityManagerFactoryBean - Initialized JPA EntityManagerFactory for persistence unit 'default'
2025-03-25 10:01:15 [main] INFO  backend.config.CorsConfig - CORS Configuration Loaded!
2025-03-25 10:01:15 [main] DEBUG o.s.c.e.PropertySourcesPropertyResolver - Found key 'graphql.endpoint' in PropertySource 'environmentProperties' with value of type String
2025-03-25 10:01:15 [main] DEBUG o.s.c.e.PropertySourcesPropertyResolver - Found key 'graphql.apiKey' in PropertySource 'environmentProperties' with value of type String
2025-03-25 10:01:15 [main] DEBUG o.s.c.e.PropertySourcesPropertyResolver - Found key 'graphql.endpoint' in PropertySource 'environmentProperties' with value of type String
2025-03-25 10:01:15 [main] DEBUG o.s.c.e.PropertySourcesPropertyResolver - Found key 'graphql.apiKey' in PropertySource 'environmentProperties' with value of type String
2025-03-25 10:01:15 [main] WARN  o.s.b.a.o.j.JpaBaseConfiguration$JpaWebConfiguration - spring.jpa.open-in-view is enabled by default. Therefore, database queries may be performed during view rendering. Explicitly configure spring.jpa.open-in-view to disable this warning
2025-03-25 10:01:15 [main] INFO  backend.config.CorsConfig - Applying CORS settings...
2025-03-25 10:01:16 [main] INFO  o.a.c.c.C.[Tomcat].[localhost].[/] - Initializing Spring TestDispatcherServlet ''
2025-03-25 10:01:16 [main] INFO  o.s.t.w.s.TestDispatcherServlet - Initializing Servlet ''
2025-03-25 10:01:16 [main] INFO  o.s.b.a.e.web.EndpointLinksResolver - Exposing 2 endpoints beneath base path '/actuator'
2025-03-25 10:01:16 [main] INFO  o.s.t.w.s.TestDispatcherServlet - Completed initialization in 18 ms
2025-03-25 10:01:16 [main] INFO  o.a.coyote.http11.Http11NioProtocol - Starting ProtocolHandler ["http-nio-auto-1"]
2025-03-25 10:01:16 [main] INFO  o.s.b.w.e.tomcat.TomcatWebServer - Tomcat started on port 60213 (http) with context path '/'
2025-03-25 10:01:16 [main] INFO  b.i.CustomPromotionIntegrationTest - Started CustomPromotionIntegrationTest in 3.026 seconds (process running for 23.403)
2025-03-25 10:01:16 [main] INFO  o.a.c.c.C.[Tomcat].[localhost].[/] - Initializing Spring TestDispatcherServlet ''
2025-03-25 10:01:16 [main] INFO  o.s.t.w.s.TestDispatcherServlet - Initializing Servlet ''
2025-03-25 10:01:16 [main] INFO  o.s.t.w.s.TestDispatcherServlet - Completed initialization in 1 ms
2025-03-25 10:01:17 [main] INFO  b.service.CustomPromotionService - Getting promotions for tenant: 1
2025-03-25 10:01:17 [main] INFO  o.a.c.c.C.[Tomcat].[localhost].[/] - Initializing Spring TestDispatcherServlet ''
2025-03-25 10:01:17 [main] INFO  o.s.t.w.s.TestDispatcherServlet - Initializing Servlet ''
2025-03-25 10:01:17 [main] INFO  o.s.t.w.s.TestDispatcherServlet - Completed initialization in 2 ms
2025-03-25 10:01:17 [main] INFO  o.a.c.c.C.[Tomcat].[localhost].[/] - Initializing Spring TestDispatcherServlet ''
2025-03-25 10:01:17 [main] INFO  o.s.t.w.s.TestDispatcherServlet - Initializing Servlet ''
2025-03-25 10:01:17 [main] INFO  o.s.t.w.s.TestDispatcherServlet - Completed initialization in 1 ms
2025-03-25 10:01:17 [main] INFO  b.service.CustomPromotionService - Removing promotion for tenant: 3
2025-03-25 10:01:17 [main] INFO  o.a.c.c.C.[Tomcat].[localhost].[/] - Initializing Spring TestDispatcherServlet ''
2025-03-25 10:01:17 [main] INFO  o.s.t.w.s.TestDispatcherServlet - Initializing Servlet ''
2025-03-25 10:01:17 [main] INFO  o.s.t.w.s.TestDispatcherServlet - Completed initialization in 1 ms
2025-03-25 10:01:17 [main] INFO  b.service.CustomPromotionService - Creating new promotion: CustomPromotion(promotionId=null, tenantId=1, startDate=2025-01-01, endDate=2025-01-07, discount=15%)
2025-03-25 10:01:17 [main] INFO  b.service.CustomPromotionService - Getting promotions for tenant: 1
2025-03-25 10:01:17 [main] INFO  b.service.CustomPromotionService - Creating new promotion: CustomPromotion(promotionId=1, tenantId=1, startDate=2025-03-25, endDate=2025-04-01, discount=10%)
2025-03-25 10:01:17 [main] INFO  b.service.CustomPromotionService - Removing promotion for tenant: 1
2025-03-25 10:01:17 [main] INFO  b.s.PropertyConfigurationService - Updating configuration for propertyId: 101
2025-03-25 10:01:17 [main] INFO  b.s.PropertyConfigurationService - Successfully updated configuration for propertyId: 101
2025-03-25 10:01:17 [main] INFO  b.s.PropertyConfigurationService - Fetching configuration for propertyId: 101
2025-03-25 10:01:17 [main] INFO  b.s.PropertyConfigurationService - Fetching configuration for propertyId: 999
2025-03-25 10:01:17 [main] WARN  b.s.PropertyConfigurationService - No configuration found for propertyId: 999
2025-03-25 10:01:18 [main] INFO  b.service.TenantConfigurationService - Deleting configuration with configId: 1
2025-03-25 10:01:18 [main] INFO  b.service.TenantConfigurationService - Successfully deleted configuration with configId: 1
2025-03-25 10:01:18 [main] INFO  b.service.TenantConfigurationService - Deleting configuration with configId: 1
2025-03-25 10:01:18 [main] WARN  b.service.TenantConfigurationService - No configuration found with configId: 1
2025-03-25 10:01:18 [main] INFO  b.service.TenantConfigurationService - Saving configuration for tenantId: 100
2025-03-25 10:01:18 [main] INFO  b.service.TenantConfigurationService - Successfully saved configuration for tenantId: 100
2025-03-25 10:01:18 [main] INFO  b.service.TenantConfigurationService - Fetching configurations for tenantId: 100
2025-03-25 10:01:18 [main] INFO  b.service.TenantConfigurationService - Found 1 configurations for tenantId: 100
2025-03-25 10:01:18 [main] INFO  backend.utils.CalculateMinPrice - Starting calculation of minimum room rates.
2025-03-25 10:01:18 [main] ERROR backend.utils.CalculateMinPrice - Error parsing JSON response: Unexpected end-of-input: expected close marker for Object (start marker at [Source: REDACTED (`StreamReadFeature.INCLUDE_SOURCE_IN_LOCATION` disabled); line: 1, column: 1])
 at [Source: REDACTED (`StreamReadFeature.INCLUDE_SOURCE_IN_LOCATION` disabled); line: 1, column: 150]
com.fasterxml.jackson.core.io.JsonEOFException: Unexpected end-of-input: expected close marker for Object (start marker at [Source: REDACTED (`StreamReadFeature.INCLUDE_SOURCE_IN_LOCATION` disabled); line: 1, column: 1])
 at [Source: REDACTED (`StreamReadFeature.INCLUDE_SOURCE_IN_LOCATION` disabled); line: 1, column: 150]
	at com.fasterxml.jackson.core.base.ParserMinimalBase._reportInvalidEOF(ParserMinimalBase.java:641)
	at com.fasterxml.jackson.core.base.ParserBase._handleEOF(ParserBase.java:530)
	at com.fasterxml.jackson.core.base.ParserBase._eofAsNextChar(ParserBase.java:547)
	at com.fasterxml.jackson.core.json.ReaderBasedJsonParser._skipWSOrEnd(ReaderBasedJsonParser.java:2490)
	at com.fasterxml.jackson.core.json.ReaderBasedJsonParser.nextFieldName(ReaderBasedJsonParser.java:912)
	at com.fasterxml.jackson.databind.deser.std.BaseNodeDeserializer._deserializeContainerNoRecursion(JsonNodeDeserializer.java:536)
	at com.fasterxml.jackson.databind.deser.std.JsonNodeDeserializer.deserialize(JsonNodeDeserializer.java:100)
	at com.fasterxml.jackson.databind.deser.std.JsonNodeDeserializer.deserialize(JsonNodeDeserializer.java:25)
	at com.fasterxml.jackson.databind.deser.DefaultDeserializationContext.readRootValue(DefaultDeserializationContext.java:342)
	at com.fasterxml.jackson.databind.ObjectMapper._readTreeAndClose(ObjectMapper.java:4959)
	at com.fasterxml.jackson.databind.ObjectMapper.readTree(ObjectMapper.java:3281)
	at backend.utils.CalculateMinPrice.calculateMinimumRates(CalculateMinPrice.java:28)
	at backend.utils.CalculateMinPriceTest.lambda$testCalculateMinimumRatesWithInvalidJson$0(CalculateMinPriceTest.java:34)
	at org.junit.jupiter.api.AssertThrows.assertThrows(AssertThrows.java:53)
	at org.junit.jupiter.api.AssertThrows.assertThrows(AssertThrows.java:35)
	at org.junit.jupiter.api.Assertions.assertThrows(Assertions.java:3128)
	at backend.utils.CalculateMinPriceTest.testCalculateMinimumRatesWithInvalidJson(CalculateMinPriceTest.java:34)
	at java.base/jdk.internal.reflect.DirectMethodHandleAccessor.invoke(DirectMethodHandleAccessor.java:103)
	at java.base/java.lang.reflect.Method.invoke(Method.java:580)
	at org.junit.platform.commons.util.ReflectionUtils.invokeMethod(ReflectionUtils.java:767)
	at org.junit.jupiter.engine.execution.MethodInvocation.proceed(MethodInvocation.java:60)
	at org.junit.jupiter.engine.execution.InvocationInterceptorChain$ValidatingInvocation.proceed(InvocationInterceptorChain.java:131)
	at org.junit.jupiter.engine.extension.TimeoutExtension.intercept(TimeoutExtension.java:156)
	at org.junit.jupiter.engine.extension.TimeoutExtension.interceptTestableMethod(TimeoutExtension.java:147)
	at org.junit.jupiter.engine.extension.TimeoutExtension.interceptTestMethod(TimeoutExtension.java:86)
	at org.junit.jupiter.engine.execution.InterceptingExecutableInvoker$ReflectiveInterceptorCall.lambda$ofVoidMethod$0(InterceptingExecutableInvoker.java:103)
	at org.junit.jupiter.engine.execution.InterceptingExecutableInvoker.lambda$invoke$0(InterceptingExecutableInvoker.java:93)
	at org.junit.jupiter.engine.execution.InvocationInterceptorChain$InterceptedInvocation.proceed(InvocationInterceptorChain.java:106)
	at org.junit.jupiter.engine.execution.InvocationInterceptorChain.proceed(InvocationInterceptorChain.java:64)
	at org.junit.jupiter.engine.execution.InvocationInterceptorChain.chainAndInvoke(InvocationInterceptorChain.java:45)
	at org.junit.jupiter.engine.execution.InvocationInterceptorChain.invoke(InvocationInterceptorChain.java:37)
	at org.junit.jupiter.engine.execution.InterceptingExecutableInvoker.invoke(InterceptingExecutableInvoker.java:92)
	at org.junit.jupiter.engine.execution.InterceptingExecutableInvoker.invoke(InterceptingExecutableInvoker.java:86)
	at org.junit.jupiter.engine.descriptor.TestMethodTestDescriptor.lambda$invokeTestMethod$8(TestMethodTestDescriptor.java:217)
	at org.junit.platform.engine.support.hierarchical.ThrowableCollector.execute(ThrowableCollector.java:73)
	at org.junit.jupiter.engine.descriptor.TestMethodTestDescriptor.invokeTestMethod(TestMethodTestDescriptor.java:213)
	at org.junit.jupiter.engine.descriptor.TestMethodTestDescriptor.execute(TestMethodTestDescriptor.java:138)
	at org.junit.jupiter.engine.descriptor.TestMethodTestDescriptor.execute(TestMethodTestDescriptor.java:68)
	at org.junit.platform.engine.support.hierarchical.NodeTestTask.lambda$executeRecursively$6(NodeTestTask.java:156)
	at org.junit.platform.engine.support.hierarchical.ThrowableCollector.execute(ThrowableCollector.java:73)
	at org.junit.platform.engine.support.hierarchical.NodeTestTask.lambda$executeRecursively$8(NodeTestTask.java:146)
	at org.junit.platform.engine.support.hierarchical.Node.around(Node.java:137)
	at org.junit.platform.engine.support.hierarchical.NodeTestTask.lambda$executeRecursively$9(NodeTestTask.java:144)
	at org.junit.platform.engine.support.hierarchical.ThrowableCollector.execute(ThrowableCollector.java:73)
	at org.junit.platform.engine.support.hierarchical.NodeTestTask.executeRecursively(NodeTestTask.java:143)
	at org.junit.platform.engine.support.hierarchical.NodeTestTask.execute(NodeTestTask.java:100)
	at java.base/java.util.ArrayList.forEach(ArrayList.java:1596)
	at org.junit.platform.engine.support.hierarchical.SameThreadHierarchicalTestExecutorService.invokeAll(SameThreadHierarchicalTestExecutorService.java:41)
	at org.junit.platform.engine.support.hierarchical.NodeTestTask.lambda$executeRecursively$6(NodeTestTask.java:160)
	at org.junit.platform.engine.support.hierarchical.ThrowableCollector.execute(ThrowableCollector.java:73)
	at org.junit.platform.engine.support.hierarchical.NodeTestTask.lambda$executeRecursively$8(NodeTestTask.java:146)
	at org.junit.platform.engine.support.hierarchical.Node.around(Node.java:137)
	at org.junit.platform.engine.support.hierarchical.NodeTestTask.lambda$executeRecursively$9(NodeTestTask.java:144)
	at org.junit.platform.engine.support.hierarchical.ThrowableCollector.execute(ThrowableCollector.java:73)
	at org.junit.platform.engine.support.hierarchical.NodeTestTask.executeRecursively(NodeTestTask.java:143)
	at org.junit.platform.engine.support.hierarchical.NodeTestTask.execute(NodeTestTask.java:100)
	at java.base/java.util.ArrayList.forEach(ArrayList.java:1596)
	at org.junit.platform.engine.support.hierarchical.SameThreadHierarchicalTestExecutorService.invokeAll(SameThreadHierarchicalTestExecutorService.java:41)
	at org.junit.platform.engine.support.hierarchical.NodeTestTask.lambda$executeRecursively$6(NodeTestTask.java:160)
	at org.junit.platform.engine.support.hierarchical.ThrowableCollector.execute(ThrowableCollector.java:73)
	at org.junit.platform.engine.support.hierarchical.NodeTestTask.lambda$executeRecursively$8(NodeTestTask.java:146)
	at org.junit.platform.engine.support.hierarchical.Node.around(Node.java:137)
	at org.junit.platform.engine.support.hierarchical.NodeTestTask.lambda$executeRecursively$9(NodeTestTask.java:144)
	at org.junit.platform.engine.support.hierarchical.ThrowableCollector.execute(ThrowableCollector.java:73)
	at org.junit.platform.engine.support.hierarchical.NodeTestTask.executeRecursively(NodeTestTask.java:143)
	at org.junit.platform.engine.support.hierarchical.NodeTestTask.execute(NodeTestTask.java:100)
	at org.junit.platform.engine.support.hierarchical.SameThreadHierarchicalTestExecutorService.submit(SameThreadHierarchicalTestExecutorService.java:35)
	at org.junit.platform.engine.support.hierarchical.HierarchicalTestExecutor.execute(HierarchicalTestExecutor.java:57)
	at org.junit.platform.engine.support.hierarchical.HierarchicalTestEngine.execute(HierarchicalTestEngine.java:54)
	at org.junit.platform.launcher.core.EngineExecutionOrchestrator.execute(EngineExecutionOrchestrator.java:198)
	at org.junit.platform.launcher.core.EngineExecutionOrchestrator.execute(EngineExecutionOrchestrator.java:169)
	at org.junit.platform.launcher.core.EngineExecutionOrchestrator.execute(EngineExecutionOrchestrator.java:93)
	at org.junit.platform.launcher.core.EngineExecutionOrchestrator.lambda$execute$0(EngineExecutionOrchestrator.java:58)
	at org.junit.platform.launcher.core.EngineExecutionOrchestrator.withInterceptedStreams(EngineExecutionOrchestrator.java:141)
	at org.junit.platform.launcher.core.EngineExecutionOrchestrator.execute(EngineExecutionOrchestrator.java:57)
	at org.junit.platform.launcher.core.DefaultLauncher.execute(DefaultLauncher.java:103)
	at org.junit.platform.launcher.core.DefaultLauncher.execute(DefaultLauncher.java:85)
	at org.junit.platform.launcher.core.DelegatingLauncher.execute(DelegatingLauncher.java:47)
	at org.apache.maven.surefire.junitplatform.LazyLauncher.execute(LazyLauncher.java:56)
	at org.apache.maven.surefire.junitplatform.JUnitPlatformProvider.execute(JUnitPlatformProvider.java:184)
	at org.apache.maven.surefire.junitplatform.JUnitPlatformProvider.invokeAllTests(JUnitPlatformProvider.java:148)
	at org.apache.maven.surefire.junitplatform.JUnitPlatformProvider.invoke(JUnitPlatformProvider.java:122)
	at org.apache.maven.surefire.booter.ForkedBooter.runSuitesInProcess(ForkedBooter.java:385)
	at org.apache.maven.surefire.booter.ForkedBooter.execute(ForkedBooter.java:162)
	at org.apache.maven.surefire.booter.ForkedBooter.run(ForkedBooter.java:507)
	at org.apache.maven.surefire.booter.ForkedBooter.main(ForkedBooter.java:495)
2025-03-25 10:01:18 [main] INFO  backend.utils.CalculateMinPrice - Starting calculation of minimum room rates.
2025-03-25 10:01:18 [main] INFO  backend.utils.CalculateMinPrice - Successfully calculated minimum rates for 1 dates.
2025-03-25 10:01:19 [SpringApplicationShutdownHook] INFO  o.s.o.j.LocalContainerEntityManagerFactoryBean - Closing JPA EntityManagerFactory for persistence unit 'default'
2025-03-25 10:01:19 [SpringApplicationShutdownHook] INFO  com.zaxxer.hikari.HikariDataSource - HikariPool-1 - Shutdown initiated...
2025-03-25 10:01:19 [SpringApplicationShutdownHook] INFO  com.zaxxer.hikari.HikariDataSource - HikariPool-1 - Shutdown completed.
2025-03-25 10:01:19 [SpringApplicationShutdownHook] INFO  o.s.b.w.e.tomcat.GracefulShutdown - Commencing graceful shutdown. Waiting for active requests to complete
2025-03-25 10:01:19 [tomcat-shutdown] INFO  o.s.b.w.e.tomcat.GracefulShutdown - Graceful shutdown complete
2025-03-25 10:01:19 [SpringApplicationShutdownHook] INFO  o.s.o.j.LocalContainerEntityManagerFactoryBean - Closing JPA EntityManagerFactory for persistence unit 'default'
2025-03-25 10:01:19 [SpringApplicationShutdownHook] INFO  com.zaxxer.hikari.HikariDataSource - HikariPool-2 - Shutdown initiated...
2025-03-25 10:01:19 [SpringApplicationShutdownHook] INFO  com.zaxxer.hikari.HikariDataSource - HikariPool-2 - Shutdown completed.
2025-03-25 10:01:49 [main] INFO  b.HotelBookingApplicationTests - Starting HotelBookingApplicationTests using Java 21.0.5 with PID 17852 (started by gupta in C:\Users\gupta\OneDrive\Desktop\Backend\IBE-BE\KDU)
2025-03-25 10:01:49 [main] INFO  b.HotelBookingApplicationTests - The following 1 profile is active: "test"
2025-03-25 10:01:51 [main] INFO  o.s.d.r.c.RepositoryConfigurationDelegate - Bootstrapping Spring Data JPA repositories in DEFAULT mode.
2025-03-25 10:01:51 [main] INFO  o.s.d.r.c.RepositoryConfigurationDelegate - Finished Spring Data repository scanning in 91 ms. Found 4 JPA repository interfaces.
2025-03-25 10:01:52 [main] INFO  com.zaxxer.hikari.HikariDataSource - HikariPool-1 - Starting...
2025-03-25 10:01:53 [main] INFO  com.zaxxer.hikari.pool.HikariPool - HikariPool-1 - Added connection org.postgresql.jdbc.PgConnection@4675f5b0
2025-03-25 10:01:53 [main] INFO  com.zaxxer.hikari.HikariDataSource - HikariPool-1 - Start completed.
2025-03-25 10:01:53 [main] INFO  o.s.o.j.p.SpringPersistenceUnitInfo - No LoadTimeWeaver setup: ignoring JPA class transformer
2025-03-25 10:01:54 [main] WARN  org.hibernate.orm.deprecation - HHH90000025: PostgreSQLDialect does not need to be specified explicitly using 'hibernate.dialect' (remove the property setting and it will be selected by default)
2025-03-25 10:01:55 [main] INFO  o.s.o.j.LocalContainerEntityManagerFactoryBean - Initialized JPA EntityManagerFactory for persistence unit 'default'
2025-03-25 10:01:55 [main] INFO  backend.config.CorsConfig - CORS Configuration Loaded!
2025-03-25 10:01:56 [main] DEBUG o.s.c.e.PropertySourcesPropertyResolver - Found key 'graphql.endpoint' in PropertySource 'environmentProperties' with value of type String
2025-03-25 10:01:56 [main] DEBUG o.s.c.e.PropertySourcesPropertyResolver - Found key 'graphql.apiKey' in PropertySource 'environmentProperties' with value of type String
2025-03-25 10:01:56 [main] DEBUG o.s.c.e.PropertySourcesPropertyResolver - Found key 'graphql.endpoint' in PropertySource 'environmentProperties' with value of type String
2025-03-25 10:01:56 [main] DEBUG o.s.c.e.PropertySourcesPropertyResolver - Found key 'graphql.apiKey' in PropertySource 'environmentProperties' with value of type String
2025-03-25 10:01:56 [main] WARN  o.s.b.a.o.j.JpaBaseConfiguration$JpaWebConfiguration - spring.jpa.open-in-view is enabled by default. Therefore, database queries may be performed during view rendering. Explicitly configure spring.jpa.open-in-view to disable this warning
2025-03-25 10:01:56 [main] INFO  backend.config.CorsConfig - Applying CORS settings...
2025-03-25 10:01:58 [main] INFO  o.s.b.a.e.web.EndpointLinksResolver - Exposing 2 endpoints beneath base path '/actuator'
2025-03-25 10:01:58 [main] INFO  b.HotelBookingApplicationTests - Started HotelBookingApplicationTests in 9.857 seconds (process running for 17.142)
2025-03-25 10:01:58 [main] INFO  o.s.t.c.s.AnnotationConfigContextLoaderUtils - Could not detect default configuration classes for test class [backend.integration.CustomPromotionIntegrationTest]: CustomPromotionIntegrationTest does not declare any static, non-private, non-final, nested classes annotated with @Configuration.
2025-03-25 10:01:58 [main] INFO  o.s.b.t.c.SpringBootTestContextBootstrapper - Found @SpringBootConfiguration backend.HotelBookingApplication for test class backend.integration.CustomPromotionIntegrationTest
2025-03-25 10:01:58 [main] DEBUG o.s.c.e.PropertySourcesPropertyResolver - Found key 'spring.application.name' in PropertySource 'configurationProperties' with value of type String
2025-03-25 10:01:58 [main] INFO  b.i.CustomPromotionIntegrationTest - Starting CustomPromotionIntegrationTest using Java 21.0.5 with PID 17852 (started by gupta in C:\Users\gupta\OneDrive\Desktop\Backend\IBE-BE\KDU)
2025-03-25 10:01:58 [main] INFO  b.i.CustomPromotionIntegrationTest - The following 1 profile is active: "test"
2025-03-25 10:01:58 [main] INFO  o.s.d.r.c.RepositoryConfigurationDelegate - Bootstrapping Spring Data JPA repositories in DEFAULT mode.
2025-03-25 10:01:59 [main] INFO  o.s.d.r.c.RepositoryConfigurationDelegate - Finished Spring Data repository scanning in 18 ms. Found 4 JPA repository interfaces.
2025-03-25 10:01:59 [main] INFO  o.s.b.w.e.tomcat.TomcatWebServer - Tomcat initialized with port 0 (http)
2025-03-25 10:01:59 [main] INFO  o.a.coyote.http11.Http11NioProtocol - Initializing ProtocolHandler ["http-nio-auto-1"]
2025-03-25 10:01:59 [main] INFO  o.a.catalina.core.StandardService - Starting service [Tomcat]
2025-03-25 10:01:59 [main] INFO  o.a.catalina.core.StandardEngine - Starting Servlet engine: [Apache Tomcat/10.1.36]
2025-03-25 10:01:59 [main] INFO  o.a.c.c.C.[Tomcat].[localhost].[/] - Initializing Spring embedded WebApplicationContext
2025-03-25 10:01:59 [main] INFO  o.s.b.w.s.c.ServletWebServerApplicationContext - Root WebApplicationContext: initialization completed in 866 ms
2025-03-25 10:01:59 [main] INFO  com.zaxxer.hikari.HikariDataSource - HikariPool-2 - Starting...
2025-03-25 10:01:59 [main] INFO  com.zaxxer.hikari.pool.HikariPool - HikariPool-2 - Added connection org.postgresql.jdbc.PgConnection@595e9578
2025-03-25 10:01:59 [main] INFO  com.zaxxer.hikari.HikariDataSource - HikariPool-2 - Start completed.
2025-03-25 10:01:59 [main] INFO  o.s.o.j.p.SpringPersistenceUnitInfo - No LoadTimeWeaver setup: ignoring JPA class transformer
2025-03-25 10:01:59 [main] WARN  org.hibernate.orm.deprecation - HHH90000025: PostgreSQLDialect does not need to be specified explicitly using 'hibernate.dialect' (remove the property setting and it will be selected by default)
2025-03-25 10:02:00 [main] INFO  o.s.o.j.LocalContainerEntityManagerFactoryBean - Initialized JPA EntityManagerFactory for persistence unit 'default'
2025-03-25 10:02:00 [main] INFO  backend.config.CorsConfig - CORS Configuration Loaded!
2025-03-25 10:02:00 [main] DEBUG o.s.c.e.PropertySourcesPropertyResolver - Found key 'graphql.endpoint' in PropertySource 'environmentProperties' with value of type String
2025-03-25 10:02:00 [main] DEBUG o.s.c.e.PropertySourcesPropertyResolver - Found key 'graphql.apiKey' in PropertySource 'environmentProperties' with value of type String
2025-03-25 10:02:00 [main] DEBUG o.s.c.e.PropertySourcesPropertyResolver - Found key 'graphql.endpoint' in PropertySource 'environmentProperties' with value of type String
2025-03-25 10:02:00 [main] DEBUG o.s.c.e.PropertySourcesPropertyResolver - Found key 'graphql.apiKey' in PropertySource 'environmentProperties' with value of type String
2025-03-25 10:02:00 [main] WARN  o.s.b.a.o.j.JpaBaseConfiguration$JpaWebConfiguration - spring.jpa.open-in-view is enabled by default. Therefore, database queries may be performed during view rendering. Explicitly configure spring.jpa.open-in-view to disable this warning
2025-03-25 10:02:00 [main] INFO  backend.config.CorsConfig - Applying CORS settings...
2025-03-25 10:02:00 [main] INFO  o.a.c.c.C.[Tomcat].[localhost].[/] - Initializing Spring TestDispatcherServlet ''
2025-03-25 10:02:00 [main] INFO  o.s.t.w.s.TestDispatcherServlet - Initializing Servlet ''
2025-03-25 10:02:00 [main] INFO  o.s.b.a.e.web.EndpointLinksResolver - Exposing 2 endpoints beneath base path '/actuator'
2025-03-25 10:02:00 [main] INFO  o.s.t.w.s.TestDispatcherServlet - Completed initialization in 17 ms
2025-03-25 10:02:01 [main] INFO  o.a.coyote.http11.Http11NioProtocol - Starting ProtocolHandler ["http-nio-auto-1"]
2025-03-25 10:02:01 [main] INFO  o.s.b.w.e.tomcat.TomcatWebServer - Tomcat started on port 60239 (http) with context path '/'
2025-03-25 10:02:01 [main] INFO  b.i.CustomPromotionIntegrationTest - Started CustomPromotionIntegrationTest in 2.502 seconds (process running for 19.818)
2025-03-25 10:02:01 [main] INFO  o.a.c.c.C.[Tomcat].[localhost].[/] - Initializing Spring TestDispatcherServlet ''
2025-03-25 10:02:01 [main] INFO  o.s.t.w.s.TestDispatcherServlet - Initializing Servlet ''
2025-03-25 10:02:01 [main] INFO  o.s.t.w.s.TestDispatcherServlet - Completed initialization in 2 ms
2025-03-25 10:02:01 [main] INFO  b.service.CustomPromotionService - Getting promotions for tenant: 1
2025-03-25 10:02:01 [main] INFO  o.a.c.c.C.[Tomcat].[localhost].[/] - Initializing Spring TestDispatcherServlet ''
2025-03-25 10:02:01 [main] INFO  o.s.t.w.s.TestDispatcherServlet - Initializing Servlet ''
2025-03-25 10:02:01 [main] INFO  o.s.t.w.s.TestDispatcherServlet - Completed initialization in 1 ms
2025-03-25 10:02:01 [main] INFO  o.a.c.c.C.[Tomcat].[localhost].[/] - Initializing Spring TestDispatcherServlet ''
2025-03-25 10:02:01 [main] INFO  o.s.t.w.s.TestDispatcherServlet - Initializing Servlet ''
2025-03-25 10:02:01 [main] INFO  o.s.t.w.s.TestDispatcherServlet - Completed initialization in 2 ms
2025-03-25 10:02:01 [main] INFO  b.service.CustomPromotionService - Removing promotion for tenant: 3
2025-03-25 10:02:01 [main] INFO  o.a.c.c.C.[Tomcat].[localhost].[/] - Initializing Spring TestDispatcherServlet ''
2025-03-25 10:02:01 [main] INFO  o.s.t.w.s.TestDispatcherServlet - Initializing Servlet ''
2025-03-25 10:02:01 [main] INFO  o.s.t.w.s.TestDispatcherServlet - Completed initialization in 2 ms
2025-03-25 10:02:01 [main] INFO  b.service.CustomPromotionService - Creating new promotion: CustomPromotion(promotionId=null, tenantId=1, startDate=2025-01-01, endDate=2025-01-07, discount=15%)
2025-03-25 10:02:01 [main] INFO  b.service.CustomPromotionService - Getting promotions for tenant: 1
2025-03-25 10:02:01 [main] INFO  b.service.CustomPromotionService - Creating new promotion: CustomPromotion(promotionId=1, tenantId=1, startDate=2025-03-25, endDate=2025-04-01, discount=10%)
2025-03-25 10:02:01 [main] INFO  b.service.CustomPromotionService - Removing promotion for tenant: 1
2025-03-25 10:02:02 [main] INFO  b.s.PropertyConfigurationService - Updating configuration for propertyId: 101
2025-03-25 10:02:02 [main] INFO  b.s.PropertyConfigurationService - Successfully updated configuration for propertyId: 101
2025-03-25 10:02:02 [main] INFO  b.s.PropertyConfigurationService - Fetching configuration for propertyId: 101
2025-03-25 10:02:02 [main] INFO  b.s.PropertyConfigurationService - Fetching configuration for propertyId: 999
2025-03-25 10:02:02 [main] WARN  b.s.PropertyConfigurationService - No configuration found for propertyId: 999
2025-03-25 10:02:02 [main] INFO  b.service.TenantConfigurationService - Deleting configuration with configId: 1
2025-03-25 10:02:02 [main] INFO  b.service.TenantConfigurationService - Successfully deleted configuration with configId: 1
2025-03-25 10:02:02 [main] INFO  b.service.TenantConfigurationService - Deleting configuration with configId: 1
2025-03-25 10:02:02 [main] WARN  b.service.TenantConfigurationService - No configuration found with configId: 1
2025-03-25 10:02:02 [main] INFO  b.service.TenantConfigurationService - Saving configuration for tenantId: 100
2025-03-25 10:02:02 [main] INFO  b.service.TenantConfigurationService - Successfully saved configuration for tenantId: 100
2025-03-25 10:02:02 [main] INFO  b.service.TenantConfigurationService - Fetching configurations for tenantId: 100
2025-03-25 10:02:02 [main] INFO  b.service.TenantConfigurationService - Found 1 configurations for tenantId: 100
2025-03-25 10:02:02 [main] INFO  backend.utils.CalculateMinPrice - Starting calculation of minimum room rates.
2025-03-25 10:02:02 [main] ERROR backend.utils.CalculateMinPrice - Error parsing JSON response: Unexpected end-of-input: expected close marker for Object (start marker at [Source: REDACTED (`StreamReadFeature.INCLUDE_SOURCE_IN_LOCATION` disabled); line: 1, column: 1])
 at [Source: REDACTED (`StreamReadFeature.INCLUDE_SOURCE_IN_LOCATION` disabled); line: 1, column: 150]
com.fasterxml.jackson.core.io.JsonEOFException: Unexpected end-of-input: expected close marker for Object (start marker at [Source: REDACTED (`StreamReadFeature.INCLUDE_SOURCE_IN_LOCATION` disabled); line: 1, column: 1])
 at [Source: REDACTED (`StreamReadFeature.INCLUDE_SOURCE_IN_LOCATION` disabled); line: 1, column: 150]
	at com.fasterxml.jackson.core.base.ParserMinimalBase._reportInvalidEOF(ParserMinimalBase.java:641)
	at com.fasterxml.jackson.core.base.ParserBase._handleEOF(ParserBase.java:530)
	at com.fasterxml.jackson.core.base.ParserBase._eofAsNextChar(ParserBase.java:547)
	at com.fasterxml.jackson.core.json.ReaderBasedJsonParser._skipWSOrEnd(ReaderBasedJsonParser.java:2490)
	at com.fasterxml.jackson.core.json.ReaderBasedJsonParser.nextFieldName(ReaderBasedJsonParser.java:912)
	at com.fasterxml.jackson.databind.deser.std.BaseNodeDeserializer._deserializeContainerNoRecursion(JsonNodeDeserializer.java:536)
	at com.fasterxml.jackson.databind.deser.std.JsonNodeDeserializer.deserialize(JsonNodeDeserializer.java:100)
	at com.fasterxml.jackson.databind.deser.std.JsonNodeDeserializer.deserialize(JsonNodeDeserializer.java:25)
	at com.fasterxml.jackson.databind.deser.DefaultDeserializationContext.readRootValue(DefaultDeserializationContext.java:342)
	at com.fasterxml.jackson.databind.ObjectMapper._readTreeAndClose(ObjectMapper.java:4959)
	at com.fasterxml.jackson.databind.ObjectMapper.readTree(ObjectMapper.java:3281)
	at backend.utils.CalculateMinPrice.calculateMinimumRates(CalculateMinPrice.java:28)
	at backend.utils.CalculateMinPriceTest.lambda$testCalculateMinimumRatesWithInvalidJson$0(CalculateMinPriceTest.java:34)
	at org.junit.jupiter.api.AssertThrows.assertThrows(AssertThrows.java:53)
	at org.junit.jupiter.api.AssertThrows.assertThrows(AssertThrows.java:35)
	at org.junit.jupiter.api.Assertions.assertThrows(Assertions.java:3128)
	at backend.utils.CalculateMinPriceTest.testCalculateMinimumRatesWithInvalidJson(CalculateMinPriceTest.java:34)
	at java.base/jdk.internal.reflect.DirectMethodHandleAccessor.invoke(DirectMethodHandleAccessor.java:103)
	at java.base/java.lang.reflect.Method.invoke(Method.java:580)
	at org.junit.platform.commons.util.ReflectionUtils.invokeMethod(ReflectionUtils.java:767)
	at org.junit.jupiter.engine.execution.MethodInvocation.proceed(MethodInvocation.java:60)
	at org.junit.jupiter.engine.execution.InvocationInterceptorChain$ValidatingInvocation.proceed(InvocationInterceptorChain.java:131)
	at org.junit.jupiter.engine.extension.TimeoutExtension.intercept(TimeoutExtension.java:156)
	at org.junit.jupiter.engine.extension.TimeoutExtension.interceptTestableMethod(TimeoutExtension.java:147)
	at org.junit.jupiter.engine.extension.TimeoutExtension.interceptTestMethod(TimeoutExtension.java:86)
	at org.junit.jupiter.engine.execution.InterceptingExecutableInvoker$ReflectiveInterceptorCall.lambda$ofVoidMethod$0(InterceptingExecutableInvoker.java:103)
	at org.junit.jupiter.engine.execution.InterceptingExecutableInvoker.lambda$invoke$0(InterceptingExecutableInvoker.java:93)
	at org.junit.jupiter.engine.execution.InvocationInterceptorChain$InterceptedInvocation.proceed(InvocationInterceptorChain.java:106)
	at org.junit.jupiter.engine.execution.InvocationInterceptorChain.proceed(InvocationInterceptorChain.java:64)
	at org.junit.jupiter.engine.execution.InvocationInterceptorChain.chainAndInvoke(InvocationInterceptorChain.java:45)
	at org.junit.jupiter.engine.execution.InvocationInterceptorChain.invoke(InvocationInterceptorChain.java:37)
	at org.junit.jupiter.engine.execution.InterceptingExecutableInvoker.invoke(InterceptingExecutableInvoker.java:92)
	at org.junit.jupiter.engine.execution.InterceptingExecutableInvoker.invoke(InterceptingExecutableInvoker.java:86)
	at org.junit.jupiter.engine.descriptor.TestMethodTestDescriptor.lambda$invokeTestMethod$8(TestMethodTestDescriptor.java:217)
	at org.junit.platform.engine.support.hierarchical.ThrowableCollector.execute(ThrowableCollector.java:73)
	at org.junit.jupiter.engine.descriptor.TestMethodTestDescriptor.invokeTestMethod(TestMethodTestDescriptor.java:213)
	at org.junit.jupiter.engine.descriptor.TestMethodTestDescriptor.execute(TestMethodTestDescriptor.java:138)
	at org.junit.jupiter.engine.descriptor.TestMethodTestDescriptor.execute(TestMethodTestDescriptor.java:68)
	at org.junit.platform.engine.support.hierarchical.NodeTestTask.lambda$executeRecursively$6(NodeTestTask.java:156)
	at org.junit.platform.engine.support.hierarchical.ThrowableCollector.execute(ThrowableCollector.java:73)
	at org.junit.platform.engine.support.hierarchical.NodeTestTask.lambda$executeRecursively$8(NodeTestTask.java:146)
	at org.junit.platform.engine.support.hierarchical.Node.around(Node.java:137)
	at org.junit.platform.engine.support.hierarchical.NodeTestTask.lambda$executeRecursively$9(NodeTestTask.java:144)
	at org.junit.platform.engine.support.hierarchical.ThrowableCollector.execute(ThrowableCollector.java:73)
	at org.junit.platform.engine.support.hierarchical.NodeTestTask.executeRecursively(NodeTestTask.java:143)
	at org.junit.platform.engine.support.hierarchical.NodeTestTask.execute(NodeTestTask.java:100)
	at java.base/java.util.ArrayList.forEach(ArrayList.java:1596)
	at org.junit.platform.engine.support.hierarchical.SameThreadHierarchicalTestExecutorService.invokeAll(SameThreadHierarchicalTestExecutorService.java:41)
	at org.junit.platform.engine.support.hierarchical.NodeTestTask.lambda$executeRecursively$6(NodeTestTask.java:160)
	at org.junit.platform.engine.support.hierarchical.ThrowableCollector.execute(ThrowableCollector.java:73)
	at org.junit.platform.engine.support.hierarchical.NodeTestTask.lambda$executeRecursively$8(NodeTestTask.java:146)
	at org.junit.platform.engine.support.hierarchical.Node.around(Node.java:137)
	at org.junit.platform.engine.support.hierarchical.NodeTestTask.lambda$executeRecursively$9(NodeTestTask.java:144)
	at org.junit.platform.engine.support.hierarchical.ThrowableCollector.execute(ThrowableCollector.java:73)
	at org.junit.platform.engine.support.hierarchical.NodeTestTask.executeRecursively(NodeTestTask.java:143)
	at org.junit.platform.engine.support.hierarchical.NodeTestTask.execute(NodeTestTask.java:100)
	at java.base/java.util.ArrayList.forEach(ArrayList.java:1596)
	at org.junit.platform.engine.support.hierarchical.SameThreadHierarchicalTestExecutorService.invokeAll(SameThreadHierarchicalTestExecutorService.java:41)
	at org.junit.platform.engine.support.hierarchical.NodeTestTask.lambda$executeRecursively$6(NodeTestTask.java:160)
	at org.junit.platform.engine.support.hierarchical.ThrowableCollector.execute(ThrowableCollector.java:73)
	at org.junit.platform.engine.support.hierarchical.NodeTestTask.lambda$executeRecursively$8(NodeTestTask.java:146)
	at org.junit.platform.engine.support.hierarchical.Node.around(Node.java:137)
	at org.junit.platform.engine.support.hierarchical.NodeTestTask.lambda$executeRecursively$9(NodeTestTask.java:144)
	at org.junit.platform.engine.support.hierarchical.ThrowableCollector.execute(ThrowableCollector.java:73)
	at org.junit.platform.engine.support.hierarchical.NodeTestTask.executeRecursively(NodeTestTask.java:143)
	at org.junit.platform.engine.support.hierarchical.NodeTestTask.execute(NodeTestTask.java:100)
	at org.junit.platform.engine.support.hierarchical.SameThreadHierarchicalTestExecutorService.submit(SameThreadHierarchicalTestExecutorService.java:35)
	at org.junit.platform.engine.support.hierarchical.HierarchicalTestExecutor.execute(HierarchicalTestExecutor.java:57)
	at org.junit.platform.engine.support.hierarchical.HierarchicalTestEngine.execute(HierarchicalTestEngine.java:54)
	at org.junit.platform.launcher.core.EngineExecutionOrchestrator.execute(EngineExecutionOrchestrator.java:198)
	at org.junit.platform.launcher.core.EngineExecutionOrchestrator.execute(EngineExecutionOrchestrator.java:169)
	at org.junit.platform.launcher.core.EngineExecutionOrchestrator.execute(EngineExecutionOrchestrator.java:93)
	at org.junit.platform.launcher.core.EngineExecutionOrchestrator.lambda$execute$0(EngineExecutionOrchestrator.java:58)
	at org.junit.platform.launcher.core.EngineExecutionOrchestrator.withInterceptedStreams(EngineExecutionOrchestrator.java:141)
	at org.junit.platform.launcher.core.EngineExecutionOrchestrator.execute(EngineExecutionOrchestrator.java:57)
	at org.junit.platform.launcher.core.DefaultLauncher.execute(DefaultLauncher.java:103)
	at org.junit.platform.launcher.core.DefaultLauncher.execute(DefaultLauncher.java:85)
	at org.junit.platform.launcher.core.DelegatingLauncher.execute(DelegatingLauncher.java:47)
	at org.apache.maven.surefire.junitplatform.LazyLauncher.execute(LazyLauncher.java:56)
	at org.apache.maven.surefire.junitplatform.JUnitPlatformProvider.execute(JUnitPlatformProvider.java:184)
	at org.apache.maven.surefire.junitplatform.JUnitPlatformProvider.invokeAllTests(JUnitPlatformProvider.java:148)
	at org.apache.maven.surefire.junitplatform.JUnitPlatformProvider.invoke(JUnitPlatformProvider.java:122)
	at org.apache.maven.surefire.booter.ForkedBooter.runSuitesInProcess(ForkedBooter.java:385)
	at org.apache.maven.surefire.booter.ForkedBooter.execute(ForkedBooter.java:162)
	at org.apache.maven.surefire.booter.ForkedBooter.run(ForkedBooter.java:507)
	at org.apache.maven.surefire.booter.ForkedBooter.main(ForkedBooter.java:495)
2025-03-25 10:02:02 [main] INFO  backend.utils.CalculateMinPrice - Starting calculation of minimum room rates.
2025-03-25 10:02:02 [main] INFO  backend.utils.CalculateMinPrice - Successfully calculated minimum rates for 1 dates.
2025-03-25 10:02:02 [SpringApplicationShutdownHook] INFO  o.s.o.j.LocalContainerEntityManagerFactoryBean - Closing JPA EntityManagerFactory for persistence unit 'default'
2025-03-25 10:02:03 [SpringApplicationShutdownHook] INFO  com.zaxxer.hikari.HikariDataSource - HikariPool-1 - Shutdown initiated...
2025-03-25 10:02:03 [SpringApplicationShutdownHook] INFO  com.zaxxer.hikari.HikariDataSource - HikariPool-1 - Shutdown completed.
2025-03-25 10:02:03 [SpringApplicationShutdownHook] INFO  o.s.b.w.e.tomcat.GracefulShutdown - Commencing graceful shutdown. Waiting for active requests to complete
2025-03-25 10:02:03 [tomcat-shutdown] INFO  o.s.b.w.e.tomcat.GracefulShutdown - Graceful shutdown complete
2025-03-25 10:02:03 [SpringApplicationShutdownHook] INFO  o.s.o.j.LocalContainerEntityManagerFactoryBean - Closing JPA EntityManagerFactory for persistence unit 'default'
2025-03-25 10:02:03 [SpringApplicationShutdownHook] INFO  com.zaxxer.hikari.HikariDataSource - HikariPool-2 - Shutdown initiated...
2025-03-25 10:02:03 [SpringApplicationShutdownHook] INFO  com.zaxxer.hikari.HikariDataSource - HikariPool-2 - Shutdown completed.
